
Discarded input sections

 .group         0x0000000000000000        0x8 build/bootloader/main.o
 .group         0x0000000000000000        0x8 build/bootloader/main.o
 .group         0x0000000000000000        0x8 build/bootloader/main.o
 .group         0x0000000000000000        0x8 build/bootloader/main.o
 .group         0x0000000000000000        0x8 build/bootloader/main.o
 .group         0x0000000000000000        0x8 build/bootloader/main.o
 .group         0x0000000000000000        0x8 build/bootloader/main.o
 .group         0x0000000000000000        0x8 build/bootloader/main.o
 .group         0x0000000000000000        0x8 build/bootloader/main.o
 .group         0x0000000000000000        0x8 build/bootloader/main.o
 .group         0x0000000000000000        0x8 build/bootloader/main.o
 .group         0x0000000000000000        0x8 build/bootloader/main.o
 .group         0x0000000000000000        0x8 build/bootloader/main.o
 .group         0x0000000000000000        0x8 build/bootloader/main.o
 .group         0x0000000000000000        0x8 build/bootloader/main.o
 .group         0x0000000000000000        0x8 build/bootloader/main.o
 .group         0x0000000000000000        0x8 build/bootloader/main.o
 .group         0x0000000000000000        0x8 build/bootloader/main.o
 .group         0x0000000000000000        0x8 build/bootloader/main.o
 .group         0x0000000000000000        0x8 build/bootloader/main.o
 .group         0x0000000000000000        0x8 build/bootloader/main.o
 .group         0x0000000000000000        0x8 build/bootloader/main.o
 .group         0x0000000000000000        0x8 build/bootloader/main.o
 .group         0x0000000000000000        0x8 build/bootloader/main.o
 .group         0x0000000000000000        0x8 build/bootloader/main.o
 .group         0x0000000000000000        0x8 build/bootloader/main.o
 .group         0x0000000000000000        0x8 build/bootloader/main.o
 .group         0x0000000000000000        0x8 build/bootloader/main.o
 .group         0x0000000000000000        0x8 build/bootloader/main.o
 .group         0x0000000000000000        0x8 build/bootloader/main.o
 .group         0x0000000000000000        0x8 build/bootloader/main.o
 .group         0x0000000000000000        0x8 build/bootloader/main.o
 .group         0x0000000000000000        0x8 build/bootloader/main.o
 .group         0x0000000000000000        0x8 build/bootloader/main.o
 .group         0x0000000000000000        0x8 build/bootloader/main.o
 .group         0x0000000000000000        0x8 build/bootloader/main.o
 .group         0x0000000000000000        0x8 build/bootloader/main.o
 .group         0x0000000000000000        0x8 build/bootloader/main.o
 .group         0x0000000000000000        0x8 build/bootloader/main.o
 .group         0x0000000000000000        0x8 build/bootloader/main.o
 .group         0x0000000000000000        0x8 build/bootloader/main.o
 .group         0x0000000000000000        0x8 build/bootloader/main.o
 .group         0x0000000000000000        0x8 build/bootloader/main.o
 .group         0x0000000000000000        0x8 build/bootloader/main.o
 .group         0x0000000000000000        0x8 build/bootloader/main.o
 .group         0x0000000000000000        0x8 build/bootloader/main.o
 .group         0x0000000000000000        0x8 build/bootloader/main.o
 .group         0x0000000000000000        0x8 build/bootloader/main.o
 .group         0x0000000000000000        0x8 build/bootloader/main.o
 .group         0x0000000000000000        0x8 build/bootloader/main.o
 .group         0x0000000000000000        0x8 build/bootloader/main.o
 .group         0x0000000000000000        0x8 build/bootloader/main.o
 .group         0x0000000000000000        0x8 build/bootloader/main.o
 .group         0x0000000000000000        0x8 build/bootloader/main.o
 .group         0x0000000000000000        0x8 build/bootloader/main.o
 .group         0x0000000000000000        0x8 build/bootloader/main.o
 .group         0x0000000000000000        0x8 build/bootloader/main.o
 .group         0x0000000000000000        0x8 build/bootloader/main.o
 .group         0x0000000000000000        0x8 build/bootloader/main.o
 .group         0x0000000000000000        0x8 build/bootloader/main.o
 .group         0x0000000000000000        0x8 build/bootloader/main.o
 .group         0x0000000000000000        0x8 build/bootloader/main.o
 .group         0x0000000000000000        0x8 build/bootloader/main.o
 .group         0x0000000000000000        0x8 build/bootloader/main.o
 .group         0x0000000000000000        0x8 build/bootloader/main.o
 .group         0x0000000000000000        0x8 build/bootloader/main.o
 .group         0x0000000000000000        0x8 build/bootloader/main.o
 .group         0x0000000000000000        0x8 build/bootloader/main.o
 .group         0x0000000000000000        0x8 build/bootloader/main.o
 .group         0x0000000000000000        0x8 build/bootloader/main.o
 .group         0x0000000000000000        0x8 build/bootloader/main.o
[...]
Memory Configuration

Name             Origin             Length             Attributes
flash            0x0000000008000000 0x0000000000003f00 xr
sram             0x0000000020000000 0x0000000000004000 xrw
*default*        0x0000000000000000 0xffffffffffffffff

Linker script and memory map

LOAD build/bootloader/main.o
LOAD build/bootloader/can.o
LOAD build/bootloader/crc.o
LOAD build/bootloader/flash.o
LOAD build/bootloader/random.o
LOAD build/bootloader/shared.o
LOAD build/bootloader/timer.o
LOAD build/bootloader/uavcan.o
LOAD build/bootloader/arch/stm32_vectors.o
LOAD build/bootloader/arch/up_fpu.o
LOAD build/bootloader/arch/stm32_start.o
LOAD build/bootloader/arch/up_systemreset.o
LOAD build/bootloader/arch/stm32_flash.o
LOAD build/bootloader/arch/up_modifyreg32.o
LOAD build/bootloader/arch/stm32_rcc.o
LOAD build/bootloader/arch/stm32_irq.o
LOAD build/bootloader/arch/stm32_gpio.o
LOAD build/bootloader/arch/stm32_timerisr.o
LOAD build/bootloader/arch/irq_attach.o
LOAD build/bootloader/arch/irq_dispatch.o
LOAD build/bootloader/arch/irq_initialize.o
LOAD build/bootloader/arch/irq_unexpectedisr.o
LOAD build/bootloader/arch/up_doirq.o
LOAD build/bootloader/arch/up_cxxinitialize.o
LOAD build/bootloader/arch/libc.o
LOAD build/bootloader/arch/up_exit.o

.text           0x0000000008000000     0x1490
                0x0000000008000000                _stext = ABSOLUTE (.)
 *(.vectors)
 .vectors       0x0000000008000000       0x40 build/bootloader/arch/stm32_vectors.o
                0x0000000008000000                _vectors
 *(.text .text.*)
 .text.node_status_process
                0x0000000008000040       0x58 build/bootloader/main.o
 .text.uptime_process
                0x0000000008000098       0x2c build/bootloader/main.o
 .text.board_indicate
                0x00000000080000c4       0x76 build/bootloader/main.o
 *fill*         0x000000000800013a        0x2 
 .text.node_info_process
                0x000000000800013c       0xec build/bootloader/main.o
 .text.startup.main
                0x0000000008000228      0x30c build/bootloader/main.o
                0x0000000008000228                main
 .text.can_speed2freq
                0x0000000008000534       0x10 build/bootloader/can.o
                0x0000000008000534                can_speed2freq
 .text.can_freq2speed
                0x0000000008000544       0x2c build/bootloader/can.o
                0x0000000008000544                can_freq2speed
 .text.can_tx   0x0000000008000570       0x84 build/bootloader/can.o
                0x0000000008000570                can_tx
 .text.can_rx   0x00000000080005f4       0x70 build/bootloader/can.o
                0x00000000080005f4                can_rx
 .text.can_autobaud
                0x0000000008000664       0x10 build/bootloader/can.o
                0x0000000008000664                can_autobaud
 .text.can_init
                0x0000000008000674       0xd8 build/bootloader/can.o
                0x0000000008000674                can_init
 .text.can_cancel_on_error
                0x000000000800074c       0x28 build/bootloader/can.o
                0x000000000800074c                can_cancel_on_error
 .text.crc16_add
                0x0000000008000774       0x20 build/bootloader/crc.o
                0x0000000008000774                crc16_add
 .text.crc16_signature
                0x0000000008000794       0x16 build/bootloader/crc.o
                0x0000000008000794                crc16_signature
 *fill*         0x00000000080007aa        0x2 
 .text.util_srand
                0x00000000080007ac        0xc build/bootloader/random.o
                0x00000000080007ac                util_srand
 .text.util_random
                0x00000000080007b8       0x34 build/bootloader/random.o
                0x00000000080007b8                util_random
 .text.write    0x00000000080007ec       0x40 build/bootloader/shared.o
 .text.bootloader_app_shared_invalidate
                0x000000000800082c       0x18 build/bootloader/shared.o
                0x000000000800082c                bootloader_app_shared_invalidate
 .text.irqrestore
                0x0000000008000844        0xa build/bootloader/timer.o
 *fill*         0x000000000800084e        0x2 
 .text.sched_process_timer
                0x0000000008000850       0x84 build/bootloader/timer.o
                0x0000000008000850                sched_process_timer
 .text.timer_allocate
                0x00000000080008d4       0x5c build/bootloader/timer.o
                0x00000000080008d4                timer_allocate
 .text.timer_free
                0x0000000008000930       0x48 build/bootloader/timer.o
                0x0000000008000930                timer_free
 .text.timer_start
                0x0000000008000978       0x50 build/bootloader/timer.o
                0x0000000008000978                timer_start
 .text.timer_expired
                0x00000000080009c8       0x5c build/bootloader/timer.o
                0x00000000080009c8                timer_expired
 .text.timer_restart
                0x0000000008000a24       0x50 build/bootloader/timer.o
                0x0000000008000a24                timer_restart
 .text.uavcan_tx_dsdl
                0x0000000008000a74       0xe8 build/bootloader/uavcan.o
                0x0000000008000a74                uavcan_tx_dsdl
 .text.uavcan_rx_dsdl
                0x0000000008000b5c      0x1e0 build/bootloader/uavcan.o
                0x0000000008000b5c                uavcan_rx_dsdl
 .text.uavcan_pack_GetNodeInfo_response
                0x0000000008000d3c       0x20 build/bootloader/uavcan.o
                0x0000000008000d3c                uavcan_pack_GetNodeInfo_response
 .text.uavcan_tx_allocation_message
                0x0000000008000d5c       0x94 build/bootloader/uavcan.o
                0x0000000008000d5c                uavcan_tx_allocation_message
 .text          0x0000000008000df0       0x98 build/bootloader/arch/stm32_vectors.o
                0x0000000008000e40                exception_common
 .text.__start  0x0000000008000e88       0x50 build/bootloader/arch/stm32_start.o
                0x0000000008000e88                __start
 .text.stm32_clockconfig
                0x0000000008000ed8      0x114 build/bootloader/arch/stm32_rcc.o
                0x0000000008000ed8                stm32_clockconfig
 .text.stm32_irqinfo
                0x0000000008000fec       0xa8 build/bootloader/arch/stm32_irq.o
 .text.up_disable_irq
                0x0000000008001094       0x24 build/bootloader/arch/stm32_irq.o
                0x0000000008001094                up_disable_irq
 .text.up_enable_irq
                0x00000000080010b8       0x22 build/bootloader/arch/stm32_irq.o
                0x00000000080010b8                up_enable_irq
 .text.up_ack_irq
                0x00000000080010da        0x2 build/bootloader/arch/stm32_irq.o
                0x00000000080010da                up_ack_irq
 .text.irqrestore
                0x00000000080010dc        0xa build/bootloader/arch/stm32_gpio.o
 *fill*         0x00000000080010e6        0x2 
 .text.stm32_configgpio
                0x00000000080010e8       0xcc build/bootloader/arch/stm32_gpio.o
                0x00000000080010e8                stm32_configgpio
 .text.stm32_gpiowrite
                0x00000000080011b4       0x28 build/bootloader/arch/stm32_gpio.o
                0x00000000080011b4                stm32_gpiowrite
 .text.up_timerisr
                0x00000000080011dc        0xa build/bootloader/arch/stm32_timerisr.o
                0x00000000080011dc                up_timerisr
 *fill*         0x00000000080011e6        0x2 
 .text.up_timer_initialize
                0x00000000080011e8       0x40 build/bootloader/arch/stm32_timerisr.o
                0x00000000080011e8                up_timer_initialize
 .text.irq_attach
                0x0000000008001228       0x38 build/bootloader/arch/irq_attach.o
                0x0000000008001228                irq_attach
 .text.irq_dispatch
                0x0000000008001260       0x24 build/bootloader/arch/irq_dispatch.o
                0x0000000008001260                irq_dispatch
 .text.irq_unexpected_isr
                0x0000000008001284        0x8 build/bootloader/arch/irq_unexpectedisr.o
                0x0000000008001284                irq_unexpected_isr
 .text.up_doirq
                0x000000000800128c       0x24 build/bootloader/arch/up_doirq.o
                0x000000000800128c                up_doirq
 .text.__assert_func
                0x00000000080012b0        0x2 build/bootloader/arch/libc.o
                0x00000000080012b0                __assert_func
 .text.abort    0x00000000080012b2        0x2 build/bootloader/arch/libc.o
                0x00000000080012b2                abort
 .text.memcpy   0x00000000080012b4       0x12 build/bootloader/arch/libc.o
                0x00000000080012b4                memcpy
 .text.memset   0x00000000080012c6       0x10 build/bootloader/arch/libc.o
                0x00000000080012c6                memset
 *(.fixup)
 *(.gnu.warning)
 *(.rodata .rodata.*)
 .rodata.str1.1
                0x00000000080012d6        0xd build/bootloader/main.o
 *fill*         0x00000000080012e3        0x1 
 .rodata        0x00000000080012e4       0x18 build/bootloader/can.o
 .rodata.null_cb
                0x00000000080012fc        0x8 build/bootloader/timer.o
                0x00000000080012fc                null_cb
 .rodata.__func__.4413
                0x0000000008001304        0xc build/bootloader/timer.o
 .rodata.str1.1
                0x0000000008001310       0x77 build/bootloader/timer.o
 .rodata.__func__.4423
                0x0000000008001387        0xe build/bootloader/timer.o
 .rodata.__func__.4408
                0x0000000008001395        0xb build/bootloader/timer.o
 .rodata.__func__.4430
                0x00000000080013a0        0xe build/bootloader/timer.o
 .rodata.dsdl_table
                0x00000000080013ae       0x82 build/bootloader/uavcan.o
                0x00000000080013ae                dsdl_table
 .rodata.str1.1
                0x0000000008001430       0x3b build/bootloader/arch/stm32_irq.o
 .rodata.__func__.4306
                0x000000000800146b        0xe build/bootloader/arch/stm32_irq.o
 *fill*         0x0000000008001479        0x3 
 .rodata.g_gpiobase
                0x000000000800147c       0x14 build/bootloader/arch/stm32_gpio.o
                0x000000000800147c                g_gpiobase
 *(.gnu.linkonce.t.*)
 *(.got)
 *(.gcc_except_table)
 *(.gnu.linkonce.r.*)
                0x0000000008001490                _etext = ABSOLUTE (.)

.glue_7         0x0000000008001490        0x0
 .glue_7        0x0000000000000000        0x0 linker stubs

.glue_7t        0x0000000008001490        0x0
 .glue_7t       0x0000000000000000        0x0 linker stubs

.vfp11_veneer   0x0000000008001490        0x0
 .vfp11_veneer  0x0000000000000000        0x0 linker stubs

.v4_bx          0x0000000008001490        0x0
 .v4_bx         0x0000000000000000        0x0 linker stubs

.iplt           0x0000000008001490        0x0
 .iplt          0x0000000000000000        0x0 build/bootloader/main.o

.rel.dyn        0x0000000008001490        0x0
 .rel.iplt      0x0000000000000000        0x0 build/bootloader/main.o

.init_section   0x0000000008001490        0x0
                0x0000000008001490                _sinit = ABSOLUTE (.)
 *(.init_array .init_array.*)
                0x0000000008001490                _einit = ABSOLUTE (.)

.ARM.extab
 *(.ARM.extab*)
                0x0000000008001490                __exidx_start = ABSOLUTE (.)

.ARM.exidx
 *(.ARM.exidx*)
                0x0000000008001490                __exidx_end = ABSOLUTE (.)
                0x0000000008001490                _eronly = ABSOLUTE (.)

.data           0x0000000020000000        0x1 load address 0x0000000008001490
                0x0000000020000000                _sdata = ABSOLUTE (.)
 *(.data .data.*)
 .data.g_uavcan_priority
                0x0000000020000000        0x1 build/bootloader/uavcan.o
                0x0000000020000000                g_uavcan_priority
 *(.gnu.linkonce.d.*)
                0x0000000020000001                _edata = ABSOLUTE (.)

.igot.plt       0x0000000020000004        0x0 load address 0x0000000008001491
 .igot.plt      0x0000000000000000        0x0 build/bootloader/main.o

.bss            0x0000000020000004      0x214 load address 0x0000000008001491
                0x0000000020000004                _sbss = ABSOLUTE (.)
 *(.bss .bss.*)
 .bss.heartbeat_val.5694
                0x0000000020000004        0x4 build/bootloader/main.o
 .bss.transfer_id.5708
                0x0000000020000008        0x1 build/bootloader/main.o
 *fill*         0x0000000020000009        0x3 
 .bss.bootloader
                0x000000002000000c       0x1c build/bootloader/main.o
                0x000000002000000c                bootloader
 .bss.rseed     0x0000000020000028        0x4 build/bootloader/random.o
 .bss.sys_tic   0x000000002000002c        0x4 build/bootloader/timer.o
 .bss.timers    0x0000000020000030       0x8c build/bootloader/timer.o
 .bss.g_this_node_id
                0x00000000200000bc        0x1 build/bootloader/uavcan.o
                0x00000000200000bc                g_this_node_id
 .bss.transfer_id.5547
                0x00000000200000bd        0x1 build/bootloader/uavcan.o
 *fill*         0x00000000200000be        0x2 
 .bss.current_regs
                0x00000000200000c0        0x4 build/bootloader/arch/stm32_irq.o
                0x00000000200000c0                current_regs
 .bss.g_irqvector
                0x00000000200000c4      0x154 build/bootloader/arch/irq_initialize.o
                0x00000000200000c4                g_irqvector
 *(.gnu.linkonce.b.*)
 *(COMMON)
                0x0000000020000218                _ebss = ABSOLUTE (.)

.stab
 *(.stab)

.stabstr
 *(.stabstr)

.stab.excl
 *(.stab.excl)

.stab.exclstr
 *(.stab.exclstr)

.stab.index
 *(.stab.index)

.stab.indexstr
 *(.stab.indexstr)

.comment        0x0000000000000000       0x70
 *(.comment)
 .comment       0x0000000000000000       0x70 build/bootloader/main.o
                                         0x71 (size before relaxing)
 .comment       0x0000000000000000       0x71 build/bootloader/can.o
 .comment       0x0000000000000000       0x71 build/bootloader/crc.o
 .comment       0x0000000000000000       0x71 build/bootloader/random.o
 .comment       0x0000000000000000       0x71 build/bootloader/shared.o
 .comment       0x0000000000000000       0x71 build/bootloader/timer.o
 .comment       0x0000000000000000       0x71 build/bootloader/uavcan.o
 .comment       0x0000000000000000       0x71 build/bootloader/arch/stm32_start.o
 .comment       0x0000000000000000       0x71 build/bootloader/arch/stm32_rcc.o
 .comment       0x0000000000000000       0x71 build/bootloader/arch/stm32_irq.o
 .comment       0x0000000000000000       0x71 build/bootloader/arch/stm32_gpio.o
 .comment       0x0000000000000000       0x71 build/bootloader/arch/stm32_timerisr.o
 .comment       0x0000000000000000       0x71 build/bootloader/arch/irq_attach.o
 .comment       0x0000000000000000       0x71 build/bootloader/arch/irq_dispatch.o
 .comment       0x0000000000000000       0x71 build/bootloader/arch/irq_initialize.o
 .comment       0x0000000000000000       0x71 build/bootloader/arch/irq_unexpectedisr.o
 .comment       0x0000000000000000       0x71 build/bootloader/arch/up_doirq.o
 .comment       0x0000000000000000       0x71 build/bootloader/arch/libc.o

.ARM.attributes
                0x0000000000000000       0x37
 .ARM.attributes
                0x0000000000000000       0x39 build/bootloader/main.o
 .ARM.attributes
                0x0000000000000039       0x39 build/bootloader/can.o
 .ARM.attributes
                0x0000000000000072       0x39 build/bootloader/crc.o
 .ARM.attributes
                0x00000000000000ab       0x39 build/bootloader/random.o
 .ARM.attributes
                0x00000000000000e4       0x39 build/bootloader/shared.o
 .ARM.attributes
                0x000000000000011d       0x39 build/bootloader/timer.o
 .ARM.attributes
                0x0000000000000156       0x39 build/bootloader/uavcan.o
 .ARM.attributes
                0x000000000000018f       0x25 build/bootloader/arch/stm32_vectors.o
 .ARM.attributes
                0x00000000000001b4       0x39 build/bootloader/arch/stm32_start.o
 .ARM.attributes
                0x00000000000001ed       0x39 build/bootloader/arch/stm32_rcc.o
 .ARM.attributes
                0x0000000000000226       0x39 build/bootloader/arch/stm32_irq.o
 .ARM.attributes
                0x000000000000025f       0x39 build/bootloader/arch/stm32_gpio.o
 .ARM.attributes
                0x0000000000000298       0x39 build/bootloader/arch/stm32_timerisr.o
 .ARM.attributes
                0x00000000000002d1       0x39 build/bootloader/arch/irq_attach.o
 .ARM.attributes
                0x000000000000030a       0x39 build/bootloader/arch/irq_dispatch.o
 .ARM.attributes
                0x0000000000000343       0x39 build/bootloader/arch/irq_initialize.o
 .ARM.attributes
                0x000000000000037c       0x39 build/bootloader/arch/irq_unexpectedisr.o
 .ARM.attributes
                0x00000000000003b5       0x39 build/bootloader/arch/up_doirq.o
 .ARM.attributes
                0x00000000000003ee       0x39 build/bootloader/arch/libc.o

.debug_abbrev   0x0000000000000000     0x1ead
 *(.debug_abbrev)
 .debug_abbrev  0x0000000000000000      0x4e7 build/bootloader/main.o
 .debug_abbrev  0x00000000000004e7      0x2f3 build/bootloader/can.o
 .debug_abbrev  0x00000000000007da       0xda build/bootloader/crc.o
 .debug_abbrev  0x00000000000008b4       0xac build/bootloader/random.o
 .debug_abbrev  0x0000000000000960      0x206 build/bootloader/shared.o
 .debug_abbrev  0x0000000000000b66      0x2db build/bootloader/timer.o
 .debug_abbrev  0x0000000000000e41      0x3f9 build/bootloader/uavcan.o
 .debug_abbrev  0x000000000000123a       0x14 build/bootloader/arch/stm32_vectors.o
 .debug_abbrev  0x000000000000124e       0xf3 build/bootloader/arch/stm32_start.o
 .debug_abbrev  0x0000000000001341      0x119 build/bootloader/arch/stm32_rcc.o
 .debug_abbrev  0x000000000000145a      0x1f7 build/bootloader/arch/stm32_irq.o
 .debug_abbrev  0x0000000000001651      0x1c0 build/bootloader/arch/stm32_gpio.o
 .debug_abbrev  0x0000000000001811      0x128 build/bootloader/arch/stm32_timerisr.o
 .debug_abbrev  0x0000000000001939      0x14b build/bootloader/arch/irq_attach.o
 .debug_abbrev  0x0000000000001a84       0xc6 build/bootloader/arch/irq_dispatch.o
 .debug_abbrev  0x0000000000001b4a       0xa8 build/bootloader/arch/irq_initialize.o
 .debug_abbrev  0x0000000000001bf2       0xb8 build/bootloader/arch/irq_unexpectedisr.o
 .debug_abbrev  0x0000000000001caa       0xfa build/bootloader/arch/up_doirq.o
 .debug_abbrev  0x0000000000001da4      0x109 build/bootloader/arch/libc.o

.debug_info     0x0000000000000000     0x661e
 *(.debug_info)
 .debug_info    0x0000000000000000     0x1f17 build/bootloader/main.o
 .debug_info    0x0000000000001f17      0x88f build/bootloader/can.o
 .debug_info    0x00000000000027a6      0x1eb build/bootloader/crc.o
 .debug_info    0x0000000000002991      0x10f build/bootloader/random.o
 .debug_info    0x0000000000002aa0      0x35c build/bootloader/shared.o
 .debug_info    0x0000000000002dfc      0x833 build/bootloader/timer.o
 .debug_info    0x000000000000362f     0x1af6 build/bootloader/uavcan.o
 .debug_info    0x0000000000005125       0x70 build/bootloader/arch/stm32_vectors.o
 .debug_info    0x0000000000005195      0x160 build/bootloader/arch/stm32_start.o
 .debug_info    0x00000000000052f5      0x1e9 build/bootloader/arch/stm32_rcc.o
 .debug_info    0x00000000000054de      0x3ee build/bootloader/arch/stm32_irq.o
 .debug_info    0x00000000000058cc      0x39b build/bootloader/arch/stm32_gpio.o
 .debug_info    0x0000000000005c67      0x175 build/bootloader/arch/stm32_timerisr.o
 .debug_info    0x0000000000005ddc      0x1bc build/bootloader/arch/irq_attach.o
 .debug_info    0x0000000000005f98      0x103 build/bootloader/arch/irq_dispatch.o
 .debug_info    0x000000000000609b       0xe9 build/bootloader/arch/irq_initialize.o
 .debug_info    0x0000000000006184       0xf6 build/bootloader/arch/irq_unexpectedisr.o
 .debug_info    0x000000000000627a      0x13c build/bootloader/arch/up_doirq.o
 .debug_info    0x00000000000063b6      0x268 build/bootloader/arch/libc.o

.debug_line     0x0000000000000000     0x6872
 *(.debug_line)
 .debug_line    0x0000000000000000      0x741 build/bootloader/main.o
 .debug_line    0x0000000000000741      0x714 build/bootloader/can.o
 .debug_line    0x0000000000000e55      0x554 build/bootloader/crc.o
 .debug_line    0x00000000000013a9      0x50d build/bootloader/random.o
 .debug_line    0x00000000000018b6      0x5df build/bootloader/shared.o
 .debug_line    0x0000000000001e95      0x727 build/bootloader/timer.o
 .debug_line    0x00000000000025bc      0x797 build/bootloader/uavcan.o
 .debug_line    0x0000000000002d53       0x7b build/bootloader/arch/stm32_vectors.o
 .debug_line    0x0000000000002dce      0x52a build/bootloader/arch/stm32_start.o
 .debug_line    0x00000000000032f8      0x571 build/bootloader/arch/stm32_rcc.o
 .debug_line    0x0000000000003869      0x5b9 build/bootloader/arch/stm32_irq.o
 .debug_line    0x0000000000003e22      0x5f2 build/bootloader/arch/stm32_gpio.o
 .debug_line    0x0000000000004414      0x545 build/bootloader/arch/stm32_timerisr.o
 .debug_line    0x0000000000004959      0x53a build/bootloader/arch/irq_attach.o
 .debug_line    0x0000000000004e93      0x536 build/bootloader/arch/irq_dispatch.o
 .debug_line    0x00000000000053c9      0x523 build/bootloader/arch/irq_initialize.o
 .debug_line    0x00000000000058ec      0x520 build/bootloader/arch/irq_unexpectedisr.o
 .debug_line    0x0000000000005e0c      0x4d8 build/bootloader/arch/up_doirq.o
 .debug_line    0x00000000000062e4      0x58e build/bootloader/arch/libc.o

.debug_pubnames
 *(.debug_pubnames)

.debug_aranges  0x0000000000000000      0x3d0
 *(.debug_aranges)
 .debug_aranges
                0x0000000000000000       0x40 build/bootloader/main.o
 .debug_aranges
                0x0000000000000040       0x50 build/bootloader/can.o
 .debug_aranges
                0x0000000000000090       0x30 build/bootloader/crc.o
 .debug_aranges
                0x00000000000000c0       0x28 build/bootloader/random.o
 .debug_aranges
                0x00000000000000e8       0x40 build/bootloader/shared.o
 .debug_aranges
                0x0000000000000128       0x70 build/bootloader/timer.o
 .debug_aranges
                0x0000000000000198       0x40 build/bootloader/uavcan.o
 .debug_aranges
                0x00000000000001d8       0x20 build/bootloader/arch/stm32_vectors.o
 .debug_aranges
                0x00000000000001f8       0x20 build/bootloader/arch/stm32_start.o
 .debug_aranges
                0x0000000000000218       0x20 build/bootloader/arch/stm32_rcc.o
 .debug_aranges
                0x0000000000000238       0x40 build/bootloader/arch/stm32_irq.o
 .debug_aranges
                0x0000000000000278       0x48 build/bootloader/arch/stm32_gpio.o
 .debug_aranges
                0x00000000000002c0       0x28 build/bootloader/arch/stm32_timerisr.o
 .debug_aranges
                0x00000000000002e8       0x20 build/bootloader/arch/irq_attach.o
 .debug_aranges
                0x0000000000000308       0x20 build/bootloader/arch/irq_dispatch.o
 .debug_aranges
                0x0000000000000328       0x20 build/bootloader/arch/irq_initialize.o
 .debug_aranges
                0x0000000000000348       0x20 build/bootloader/arch/irq_unexpectedisr.o
 .debug_aranges
                0x0000000000000368       0x20 build/bootloader/arch/up_doirq.o
 .debug_aranges
                0x0000000000000388       0x48 build/bootloader/arch/libc.o
OUTPUT(build/bootloader.elf elf32-littlearm)

.debug_loc      0x0000000000000000     0x2740
 .debug_loc     0x0000000000000000      0x549 build/bootloader/main.o
 .debug_loc     0x0000000000000549      0x354 build/bootloader/can.o
 .debug_loc     0x000000000000089d      0x240 build/bootloader/crc.o
 .debug_loc     0x0000000000000add       0x68 build/bootloader/random.o
 .debug_loc     0x0000000000000b45      0x1d0 build/bootloader/shared.o
 .debug_loc     0x0000000000000d15      0x35b build/bootloader/timer.o
 .debug_loc     0x0000000000001070      0x987 build/bootloader/uavcan.o
 .debug_loc     0x00000000000019f7       0x8c build/bootloader/arch/stm32_start.o
 .debug_loc     0x0000000000001a83      0x11c build/bootloader/arch/stm32_rcc.o
 .debug_loc     0x0000000000001b9f      0x2b5 build/bootloader/arch/stm32_irq.o
 .debug_loc     0x0000000000001e54      0x46b build/bootloader/arch/stm32_gpio.o
 .debug_loc     0x00000000000022bf       0x65 build/bootloader/arch/stm32_timerisr.o
 .debug_loc     0x0000000000002324       0xb4 build/bootloader/arch/irq_attach.o
 .debug_loc     0x00000000000023d8       0x55 build/bootloader/arch/irq_dispatch.o
 .debug_loc     0x000000000000242d       0x14 build/bootloader/arch/irq_initialize.o
 .debug_loc     0x0000000000002441       0x68 build/bootloader/arch/up_doirq.o
 .debug_loc     0x00000000000024a9      0x297 build/bootloader/arch/libc.o

.debug_ranges   0x0000000000000000      0x568
 .debug_ranges  0x0000000000000000       0x98 build/bootloader/main.o
 .debug_ranges  0x0000000000000098       0x78 build/bootloader/can.o
 .debug_ranges  0x0000000000000110       0x20 build/bootloader/crc.o
 .debug_ranges  0x0000000000000130       0x18 build/bootloader/random.o
 .debug_ranges  0x0000000000000148       0x70 build/bootloader/shared.o
 .debug_ranges  0x00000000000001b8       0xa8 build/bootloader/timer.o
 .debug_ranges  0x0000000000000260      0x1c8 build/bootloader/uavcan.o
 .debug_ranges  0x0000000000000428       0x10 build/bootloader/arch/stm32_start.o
 .debug_ranges  0x0000000000000438       0x28 build/bootloader/arch/stm32_rcc.o
 .debug_ranges  0x0000000000000460       0x30 build/bootloader/arch/stm32_irq.o
 .debug_ranges  0x0000000000000490       0x38 build/bootloader/arch/stm32_gpio.o
 .debug_ranges  0x00000000000004c8       0x18 build/bootloader/arch/stm32_timerisr.o
 .debug_ranges  0x00000000000004e0       0x10 build/bootloader/arch/irq_attach.o
 .debug_ranges  0x00000000000004f0       0x10 build/bootloader/arch/irq_dispatch.o
 .debug_ranges  0x0000000000000500       0x10 build/bootloader/arch/irq_initialize.o
 .debug_ranges  0x0000000000000510       0x10 build/bootloader/arch/irq_unexpectedisr.o
 .debug_ranges  0x0000000000000520       0x10 build/bootloader/arch/up_doirq.o
 .debug_ranges  0x0000000000000530       0x38 build/bootloader/arch/libc.o

.debug_macro    0x0000000000000000     0xcd69
 .debug_macro   0x0000000000000000      0x3f6 build/bootloader/main.o
 .debug_macro   0x00000000000003f6      0x874 build/bootloader/main.o
 .debug_macro   0x0000000000000c6a       0x3a build/bootloader/main.o
 .debug_macro   0x0000000000000ca4       0x58 build/bootloader/main.o
 .debug_macro   0x0000000000000cfc       0x16 build/bootloader/main.o
 .debug_macro   0x0000000000000d12       0x35 build/bootloader/main.o
 .debug_macro   0x0000000000000d47       0xa3 build/bootloader/main.o
 .debug_macro   0x0000000000000dea       0x4a build/bootloader/main.o
 .debug_macro   0x0000000000000e34       0x52 build/bootloader/main.o
 .debug_macro   0x0000000000000e86       0x16 build/bootloader/main.o
 .debug_macro   0x0000000000000e9c       0x19 build/bootloader/main.o
 .debug_macro   0x0000000000000eb5      0x166 build/bootloader/main.o
 .debug_macro   0x000000000000101b       0x22 build/bootloader/main.o
 .debug_macro   0x000000000000103d       0xbd build/bootloader/main.o
 .debug_macro   0x00000000000010fa      0x34e build/bootloader/main.o
 .debug_macro   0x0000000000001448       0x22 build/bootloader/main.o
 .debug_macro   0x000000000000146a       0xd7 build/bootloader/main.o
 .debug_macro   0x0000000000001541       0x28 build/bootloader/main.o
 .debug_macro   0x0000000000001569      0x130 build/bootloader/main.o
 .debug_macro   0x0000000000001699      0x6a6 build/bootloader/main.o
 .debug_macro   0x0000000000001d3f      0x16e build/bootloader/main.o
 .debug_macro   0x0000000000001ead      0x3cd build/bootloader/main.o
 .debug_macro   0x000000000000227a      0x1e2 build/bootloader/main.o
 .debug_macro   0x000000000000245c      0x5f5 build/bootloader/main.o
 .debug_macro   0x0000000000002a51      0x7c9 build/bootloader/main.o
 .debug_macro   0x000000000000321a       0xbe build/bootloader/main.o
 .debug_macro   0x00000000000032d8       0xfb build/bootloader/main.o
 .debug_macro   0x00000000000033d3      0x139 build/bootloader/main.o
 .debug_macro   0x000000000000350c      0x227 build/bootloader/main.o
 .debug_macro   0x0000000000003733      0x618 build/bootloader/main.o
 .debug_macro   0x0000000000003d4b       0x9e build/bootloader/main.o
 .debug_macro   0x0000000000003de9       0x35 build/bootloader/main.o
 .debug_macro   0x0000000000003e1e      0x82a build/bootloader/main.o
 .debug_macro   0x0000000000004648       0x17 build/bootloader/main.o
 .debug_macro   0x000000000000465f       0xd0 build/bootloader/main.o
 .debug_macro   0x000000000000472f      0x596 build/bootloader/main.o
 .debug_macro   0x0000000000004cc5      0x1a4 build/bootloader/main.o
 .debug_macro   0x0000000000004e69     0x12f6 build/bootloader/main.o
 .debug_macro   0x000000000000615f      0x336 build/bootloader/main.o
 .debug_macro   0x0000000000006495      0x13d build/bootloader/main.o
 .debug_macro   0x00000000000065d2      0xc39 build/bootloader/main.o
 .debug_macro   0x000000000000720b       0x16 build/bootloader/main.o
 .debug_macro   0x0000000000007221      0x180 build/bootloader/main.o
 .debug_macro   0x00000000000073a1      0x2a6 build/bootloader/main.o
 .debug_macro   0x0000000000007647       0x10 build/bootloader/main.o
 .debug_macro   0x0000000000007657       0x35 build/bootloader/main.o
 .debug_macro   0x000000000000768c       0x1f build/bootloader/main.o
 .debug_macro   0x00000000000076ab      0x1db build/bootloader/main.o
 .debug_macro   0x0000000000007886      0xe49 build/bootloader/main.o
 .debug_macro   0x00000000000086cf       0x10 build/bootloader/main.o
 .debug_macro   0x00000000000086df       0x16 build/bootloader/main.o
 .debug_macro   0x00000000000086f5       0x16 build/bootloader/main.o
 .debug_macro   0x000000000000870b       0x29 build/bootloader/main.o
 .debug_macro   0x0000000000008734       0x1c build/bootloader/main.o
 .debug_macro   0x0000000000008750       0x16 build/bootloader/main.o
 .debug_macro   0x0000000000008766      0x48e build/bootloader/main.o
 .debug_macro   0x0000000000008bf4       0x1c build/bootloader/main.o
 .debug_macro   0x0000000000008c10       0x1c build/bootloader/main.o
 .debug_macro   0x0000000000008c2c       0x2e build/bootloader/main.o
 .debug_macro   0x0000000000008c5a       0x28 build/bootloader/main.o
 .debug_macro   0x0000000000008c82       0x78 build/bootloader/main.o
 .debug_macro   0x0000000000008cfa       0x12 build/bootloader/main.o
 .debug_macro   0x0000000000008d0c       0x12 build/bootloader/main.o
 .debug_macro   0x0000000000008d1e       0x3c build/bootloader/main.o
 .debug_macro   0x0000000000008d5a       0x27 build/bootloader/main.o
 .debug_macro   0x0000000000008d81       0x12 build/bootloader/main.o
 .debug_macro   0x0000000000008d93       0x12 build/bootloader/main.o
 .debug_macro   0x0000000000008da5       0x12 build/bootloader/main.o
 .debug_macro   0x0000000000008db7       0x12 build/bootloader/main.o
 .debug_macro   0x0000000000008dc9       0x12 build/bootloader/main.o
 .debug_macro   0x0000000000008ddb       0x12 build/bootloader/main.o
 .debug_macro   0x0000000000008ded       0x4a build/bootloader/main.o
 .debug_macro   0x0000000000008e37       0x12 build/bootloader/main.o
 .debug_macro   0x0000000000008e49       0x12 build/bootloader/main.o
 .debug_macro   0x0000000000008e5b       0x12 build/bootloader/main.o
 .debug_macro   0x0000000000008e6d       0x12 build/bootloader/main.o
 .debug_macro   0x0000000000008e7f       0x34 build/bootloader/main.o
 .debug_macro   0x0000000000008eb3      0x417 build/bootloader/can.o
 .debug_macro   0x00000000000092ca      0x1d4 build/bootloader/can.o
 .debug_macro   0x000000000000949e       0x2b build/bootloader/can.o
 .debug_macro   0x00000000000094c9      0x118 build/bootloader/can.o
 .debug_macro   0x00000000000095e1      0x29a build/bootloader/crc.o
 .debug_macro   0x000000000000987b      0x272 build/bootloader/random.o
 .debug_macro   0x0000000000009aed      0x2eb build/bootloader/shared.o
 .debug_macro   0x0000000000009dd8       0x10 build/bootloader/shared.o
 .debug_macro   0x0000000000009de8      0x241 build/bootloader/shared.o
 .debug_macro   0x000000000000a029      0x2c9 build/bootloader/timer.o
 .debug_macro   0x000000000000a2f2       0xb5 build/bootloader/timer.o
 .debug_macro   0x000000000000a3a7       0x10 build/bootloader/timer.o
 .debug_macro   0x000000000000a3b7       0x46 build/bootloader/timer.o
 .debug_macro   0x000000000000a3fd      0x202 build/bootloader/timer.o
 .debug_macro   0x000000000000a5ff       0x7b build/bootloader/timer.o
 .debug_macro   0x000000000000a67a       0x10 build/bootloader/timer.o
 .debug_macro   0x000000000000a68a       0x16 build/bootloader/timer.o
 .debug_macro   0x000000000000a6a0       0x12 build/bootloader/timer.o
 .debug_macro   0x000000000000a6b2      0x41a build/bootloader/uavcan.o
 .debug_macro   0x000000000000aacc      0x2c4 build/bootloader/arch/stm32_start.o
 .debug_macro   0x000000000000ad90      0x2a9 build/bootloader/arch/stm32_rcc.o
 .debug_macro   0x000000000000b039       0x1c build/bootloader/arch/stm32_rcc.o
 .debug_macro   0x000000000000b055       0x10 build/bootloader/arch/stm32_rcc.o
 .debug_macro   0x000000000000b065       0x16 build/bootloader/arch/stm32_rcc.o
 .debug_macro   0x000000000000b07b      0x16c build/bootloader/arch/stm32_rcc.o
 .debug_macro   0x000000000000b1e7      0x2cf build/bootloader/arch/stm32_irq.o
 .debug_macro   0x000000000000b4b6      0x2bc build/bootloader/arch/stm32_gpio.o
 .debug_macro   0x000000000000b772      0x2cf build/bootloader/arch/stm32_timerisr.o
 .debug_macro   0x000000000000ba41      0x2aa build/bootloader/arch/irq_attach.o
 .debug_macro   0x000000000000bceb      0x2aa build/bootloader/arch/irq_dispatch.o
 .debug_macro   0x000000000000bf95      0x2aa build/bootloader/arch/irq_initialize.o
 .debug_macro   0x000000000000c23f      0x2aa build/bootloader/arch/irq_unexpectedisr.o
 .debug_macro   0x000000000000c4e9      0x266 build/bootloader/arch/up_doirq.o
 .debug_macro   0x000000000000c74f      0x2b6 build/bootloader/arch/libc.o
 .debug_macro   0x000000000000ca05      0x1e1 build/bootloader/arch/libc.o
 .debug_macro   0x000000000000cbe6      0x183 build/bootloader/arch/libc.o

.debug_str      0x0000000000000000    0x3768f
 .debug_str     0x0000000000000000    0x333c9 build/bootloader/main.o
                                      0x33bc3 (size before relaxing)
 .debug_str     0x00000000000333c9      0x83c build/bootloader/can.o
                                      0x31129 (size before relaxing)
 .debug_str     0x0000000000033c05       0x46 build/bootloader/crc.o
                                      0x29095 (size before relaxing)
 .debug_str     0x0000000000033c4b       0x55 build/bootloader/random.o
                                      0x28fae (size before relaxing)
 .debug_str     0x0000000000033ca0      0x629 build/bootloader/shared.o
                                      0x297b7 (size before relaxing)
 .debug_str     0x00000000000342c9      0xc1b build/bootloader/timer.o
                                      0x2fd47 (size before relaxing)
 .debug_str     0x0000000000034ee4      0xce9 build/bootloader/uavcan.o
                                      0x33201 (size before relaxing)
 .debug_str     0x0000000000035bcd       0x7c build/bootloader/arch/stm32_start.o
                                      0x29a6b (size before relaxing)
 .debug_str     0x0000000000035c49      0x7f1 build/bootloader/arch/stm32_rcc.o
                                      0x296d9 (size before relaxing)
 .debug_str     0x000000000003643a      0x1b7 build/bootloader/arch/stm32_irq.o
                                      0x2fb88 (size before relaxing)
 .debug_str     0x00000000000365f1       0x89 build/bootloader/arch/stm32_gpio.o
                                      0x29f3a (size before relaxing)
 .debug_str     0x000000000003667a       0xcd build/bootloader/arch/stm32_timerisr.o
                                      0x2fac5 (size before relaxing)
 .debug_str     0x0000000000036747       0x22 build/bootloader/arch/irq_attach.o
                                      0x29a42 (size before relaxing)
 .debug_str     0x0000000000036769       0x25 build/bootloader/arch/irq_dispatch.o
                                      0x29a14 (size before relaxing)
 .debug_str     0x000000000003678e       0x29 build/bootloader/arch/irq_initialize.o
                                      0x29a09 (size before relaxing)
 .debug_str     0x00000000000367b7       0x30 build/bootloader/arch/irq_unexpectedisr.o
                                      0x29a20 (size before relaxing)
 .debug_str     0x00000000000367e7       0x27 build/bootloader/arch/up_doirq.o
                                      0x28f06 (size before relaxing)
 .debug_str     0x000000000003680e      0xe81 build/bootloader/arch/libc.o
                                      0x29eb6 (size before relaxing)

.debug_frame    0x0000000000000000      0x764
 .debug_frame   0x0000000000000000       0xa8 build/bootloader/main.o
 .debug_frame   0x00000000000000a8       0xb4 build/bootloader/can.o
 .debug_frame   0x000000000000015c       0x60 build/bootloader/crc.o
 .debug_frame   0x00000000000001bc       0x3c build/bootloader/random.o
 .debug_frame   0x00000000000001f8       0xa8 build/bootloader/shared.o
 .debug_frame   0x00000000000002a0      0x110 build/bootloader/timer.o
 .debug_frame   0x00000000000003b0       0xb8 build/bootloader/uavcan.o
 .debug_frame   0x0000000000000468       0x28 build/bootloader/arch/stm32_start.o
 .debug_frame   0x0000000000000490       0x30 build/bootloader/arch/stm32_rcc.o
 .debug_frame   0x00000000000004c0       0x8c build/bootloader/arch/stm32_irq.o
 .debug_frame   0x000000000000054c       0x84 build/bootloader/arch/stm32_gpio.o
 .debug_frame   0x00000000000005d0       0x40 build/bootloader/arch/stm32_timerisr.o
 .debug_frame   0x0000000000000610       0x2c build/bootloader/arch/irq_attach.o
 .debug_frame   0x000000000000063c       0x28 build/bootloader/arch/irq_dispatch.o
 .debug_frame   0x0000000000000664       0x20 build/bootloader/arch/irq_initialize.o
 .debug_frame   0x0000000000000684       0x20 build/bootloader/arch/irq_unexpectedisr.o
 .debug_frame   0x00000000000006a4       0x30 build/bootloader/arch/up_doirq.o
 .debug_frame   0x00000000000006d4       0x90 build/bootloader/arch/libc.o
