
Discarded input sections

 .group         0x0000000000000000        0x8 build/bootloader/main.o
 .group         0x0000000000000000        0x8 build/bootloader/main.o
 .group         0x0000000000000000        0x8 build/bootloader/main.o
 .group         0x0000000000000000        0x8 build/bootloader/main.o
 .group         0x0000000000000000        0x8 build/bootloader/main.o
 .group         0x0000000000000000        0x8 build/bootloader/main.o
 .group         0x0000000000000000        0x8 build/bootloader/main.o
 .group         0x0000000000000000        0x8 build/bootloader/main.o
 .group         0x0000000000000000        0x8 build/bootloader/main.o
 .group         0x0000000000000000        0x8 build/bootloader/main.o
 .group         0x0000000000000000        0x8 build/bootloader/main.o
 .group         0x0000000000000000        0x8 build/bootloader/main.o
 .group         0x0000000000000000        0x8 build/bootloader/main.o
 .group         0x0000000000000000        0x8 build/bootloader/main.o
 .group         0x0000000000000000        0x8 build/bootloader/main.o
 .group         0x0000000000000000        0x8 build/bootloader/main.o
 .group         0x0000000000000000        0x8 build/bootloader/main.o
 .group         0x0000000000000000        0x8 build/bootloader/main.o
 .group         0x0000000000000000        0x8 build/bootloader/main.o
 .group         0x0000000000000000        0x8 build/bootloader/main.o
 .group         0x0000000000000000        0x8 build/bootloader/main.o
 .group         0x0000000000000000        0x8 build/bootloader/main.o
 .group         0x0000000000000000        0x8 build/bootloader/main.o
 .group         0x0000000000000000        0x8 build/bootloader/main.o
 .group         0x0000000000000000        0x8 build/bootloader/main.o
 .group         0x0000000000000000        0x8 build/bootloader/main.o
 .group         0x0000000000000000        0x8 build/bootloader/main.o
 .group         0x0000000000000000        0x8 build/bootloader/main.o
 .group         0x0000000000000000        0x8 build/bootloader/main.o
 .group         0x0000000000000000        0x8 build/bootloader/main.o
 .group         0x0000000000000000        0x8 build/bootloader/main.o
 .group         0x0000000000000000        0x8 build/bootloader/main.o
 .group         0x0000000000000000        0x8 build/bootloader/main.o
 .group         0x0000000000000000        0x8 build/bootloader/main.o
 .group         0x0000000000000000        0x8 build/bootloader/main.o
 .group         0x0000000000000000        0x8 build/bootloader/main.o
 .group         0x0000000000000000        0x8 build/bootloader/main.o
 .group         0x0000000000000000        0x8 build/bootloader/main.o
 .group         0x0000000000000000        0x8 build/bootloader/main.o
 .group         0x0000000000000000        0x8 build/bootloader/main.o
 .group         0x0000000000000000        0x8 build/bootloader/main.o
 .group         0x0000000000000000        0x8 build/bootloader/main.o
 .group         0x0000000000000000        0x8 build/bootloader/main.o
 .group         0x0000000000000000        0x8 build/bootloader/main.o
 .group         0x0000000000000000        0x8 build/bootloader/main.o
 .group         0x0000000000000000        0x8 build/bootloader/main.o
 .group         0x0000000000000000        0x8 build/bootloader/main.o
 .group         0x0000000000000000        0x8 build/bootloader/main.o
 .group         0x0000000000000000        0x8 build/bootloader/main.o
 .group         0x0000000000000000        0x8 build/bootloader/main.o
 .group         0x0000000000000000        0x8 build/bootloader/main.o
 .group         0x0000000000000000        0x8 build/bootloader/main.o
 .group         0x0000000000000000        0x8 build/bootloader/main.o
 .group         0x0000000000000000        0x8 build/bootloader/main.o
 .group         0x0000000000000000        0x8 build/bootloader/main.o
 .group         0x0000000000000000        0x8 build/bootloader/main.o
 .group         0x0000000000000000        0x8 build/bootloader/main.o
 .group         0x0000000000000000        0x8 build/bootloader/main.o
 .group         0x0000000000000000        0x8 build/bootloader/main.o
 .group         0x0000000000000000        0x8 build/bootloader/main.o
 .group         0x0000000000000000        0x8 build/bootloader/main.o
 .group         0x0000000000000000        0x8 build/bootloader/main.o
 .group         0x0000000000000000        0x8 build/bootloader/main.o
 .group         0x0000000000000000        0x8 build/bootloader/main.o
 .group         0x0000000000000000        0x8 build/bootloader/main.o
 .group         0x0000000000000000        0x8 build/bootloader/main.o
 .group         0x0000000000000000        0x8 build/bootloader/main.o
 .group         0x0000000000000000        0x8 build/bootloader/main.o
 .group         0x0000000000000000        0x8 build/bootloader/main.o
 .group         0x0000000000000000        0x8 build/bootloader/main.o
 .group         0x0000000000000000        0x8 build/bootloader/main.o
[...]
Memory Configuration

Name             Origin             Length             Attributes
flash            0x0000000008000000 0x0000000000003f00 xr
sram             0x0000000020000000 0x0000000000004000 xrw
*default*        0x0000000000000000 0xffffffffffffffff

Linker script and memory map

LOAD build/bootloader/main.o
LOAD build/bootloader/can.o
LOAD build/bootloader/crc.o
LOAD build/bootloader/flash.o
LOAD build/bootloader/random.o
LOAD build/bootloader/shared.o
LOAD build/bootloader/timer.o
LOAD build/bootloader/uavcan.o
LOAD build/bootloader/arch/stm32_vectors.o
LOAD build/bootloader/arch/up_fpu.o
LOAD build/bootloader/arch/stm32_start.o
LOAD build/bootloader/arch/up_systemreset.o
LOAD build/bootloader/arch/stm32_flash.o
LOAD build/bootloader/arch/up_modifyreg32.o
LOAD build/bootloader/arch/stm32_rcc.o
LOAD build/bootloader/arch/stm32_irq.o
LOAD build/bootloader/arch/stm32_gpio.o
LOAD build/bootloader/arch/stm32_timerisr.o
LOAD build/bootloader/arch/irq_attach.o
LOAD build/bootloader/arch/irq_dispatch.o
LOAD build/bootloader/arch/irq_initialize.o
LOAD build/bootloader/arch/irq_unexpectedisr.o
LOAD build/bootloader/arch/up_doirq.o
LOAD build/bootloader/arch/up_cxxinitialize.o
LOAD build/bootloader/arch/libc.o
LOAD build/bootloader/arch/up_exit.o

.text           0x0000000008000000      0x734
                0x0000000008000000                _stext = ABSOLUTE (.)
 *(.vectors)
 .vectors       0x0000000008000000       0x40 build/bootloader/arch/stm32_vectors.o
                0x0000000008000000                _vectors
 *(.text .text.*)
 .text.uptime_process
                0x0000000008000040       0x10 build/bootloader/main.o
 .text.startup.main
                0x0000000008000050       0xbc build/bootloader/main.o
                0x0000000008000050                main
 .text.irqrestore
                0x000000000800010c        0xa build/bootloader/timer.o
 *fill*         0x0000000008000116        0x2 
 .text.sched_process_timer
                0x0000000008000118       0x84 build/bootloader/timer.o
                0x0000000008000118                sched_process_timer
 .text.timer_allocate
                0x000000000800019c       0x5c build/bootloader/timer.o
                0x000000000800019c                timer_allocate
 .text          0x00000000080001f8       0x98 build/bootloader/arch/stm32_vectors.o
                0x0000000008000248                exception_common
 .text.__start  0x0000000008000290       0x50 build/bootloader/arch/stm32_start.o
                0x0000000008000290                __start
 .text.stm32_clockconfig
                0x00000000080002e0      0x114 build/bootloader/arch/stm32_rcc.o
                0x00000000080002e0                stm32_clockconfig
 .text.stm32_irqinfo
                0x00000000080003f4       0xa8 build/bootloader/arch/stm32_irq.o
 .text.up_disable_irq
                0x000000000800049c       0x24 build/bootloader/arch/stm32_irq.o
                0x000000000800049c                up_disable_irq
 .text.up_enable_irq
                0x00000000080004c0       0x22 build/bootloader/arch/stm32_irq.o
                0x00000000080004c0                up_enable_irq
 .text.up_ack_irq
                0x00000000080004e2        0x2 build/bootloader/arch/stm32_irq.o
                0x00000000080004e2                up_ack_irq
 .text.irqrestore
                0x00000000080004e4        0xa build/bootloader/arch/stm32_gpio.o
 *fill*         0x00000000080004ee        0x2 
 .text.stm32_configgpio
                0x00000000080004f0       0xcc build/bootloader/arch/stm32_gpio.o
                0x00000000080004f0                stm32_configgpio
 .text.stm32_gpiowrite
                0x00000000080005bc       0x28 build/bootloader/arch/stm32_gpio.o
                0x00000000080005bc                stm32_gpiowrite
 .text.up_timerisr
                0x00000000080005e4        0xa build/bootloader/arch/stm32_timerisr.o
                0x00000000080005e4                up_timerisr
 *fill*         0x00000000080005ee        0x2 
 .text.up_timer_initialize
                0x00000000080005f0       0x40 build/bootloader/arch/stm32_timerisr.o
                0x00000000080005f0                up_timer_initialize
 .text.irq_attach
                0x0000000008000630       0x38 build/bootloader/arch/irq_attach.o
                0x0000000008000630                irq_attach
 .text.irq_dispatch
                0x0000000008000668       0x24 build/bootloader/arch/irq_dispatch.o
                0x0000000008000668                irq_dispatch
 .text.irq_unexpected_isr
                0x000000000800068c        0x8 build/bootloader/arch/irq_unexpectedisr.o
                0x000000000800068c                irq_unexpected_isr
 .text.up_doirq
                0x0000000008000694       0x24 build/bootloader/arch/up_doirq.o
                0x0000000008000694                up_doirq
 .text.__assert_func
                0x00000000080006b8        0x2 build/bootloader/arch/libc.o
                0x00000000080006b8                __assert_func
 .text.abort    0x00000000080006ba        0x2 build/bootloader/arch/libc.o
                0x00000000080006ba                abort
 .text.memset   0x00000000080006bc       0x10 build/bootloader/arch/libc.o
                0x00000000080006bc                memset
 *(.fixup)
 *(.gnu.warning)
 *(.rodata .rodata.*)
 .rodata.null_cb
                0x00000000080006cc        0x8 build/bootloader/timer.o
                0x00000000080006cc                null_cb
 .rodata.str1.1
                0x00000000080006d4       0x3b build/bootloader/arch/stm32_irq.o
 .rodata.__func__.4306
                0x000000000800070f        0xe build/bootloader/arch/stm32_irq.o
 *fill*         0x000000000800071d        0x3 
 .rodata.g_gpiobase
                0x0000000008000720       0x14 build/bootloader/arch/stm32_gpio.o
                0x0000000008000720                g_gpiobase
 *(.gnu.linkonce.t.*)
 *(.got)
 *(.gcc_except_table)
 *(.gnu.linkonce.r.*)
                0x0000000008000734                _etext = ABSOLUTE (.)

.glue_7         0x0000000008000734        0x0
 .glue_7        0x0000000000000000        0x0 linker stubs

.glue_7t        0x0000000008000734        0x0
 .glue_7t       0x0000000000000000        0x0 linker stubs

.vfp11_veneer   0x0000000008000734        0x0
 .vfp11_veneer  0x0000000000000000        0x0 linker stubs

.v4_bx          0x0000000008000734        0x0
 .v4_bx         0x0000000000000000        0x0 linker stubs

.iplt           0x0000000008000734        0x0
 .iplt          0x0000000000000000        0x0 build/bootloader/main.o

.rel.dyn        0x0000000008000734        0x0
 .rel.iplt      0x0000000000000000        0x0 build/bootloader/main.o

.init_section   0x0000000008000734        0x0
                0x0000000008000734                _sinit = ABSOLUTE (.)
 *(.init_array .init_array.*)
                0x0000000008000734                _einit = ABSOLUTE (.)

.ARM.extab
 *(.ARM.extab*)
                0x0000000008000734                __exidx_start = ABSOLUTE (.)

.ARM.exidx
 *(.ARM.exidx*)
                0x0000000008000734                __exidx_end = ABSOLUTE (.)
                0x0000000008000734                _eronly = ABSOLUTE (.)

.data           0x0000000020000000        0x0 load address 0x0000000008000734
                0x0000000020000000                _sdata = ABSOLUTE (.)
 *(.data .data.*)
 *(.gnu.linkonce.d.*)
                0x0000000020000000                _edata = ABSOLUTE (.)

.igot.plt       0x0000000020000000        0x0 load address 0x0000000008000734
 .igot.plt      0x0000000000000000        0x0 build/bootloader/main.o

.bss            0x0000000020000000      0x208 load address 0x0000000008000734
                0x0000000020000000                _sbss = ABSOLUTE (.)
 *(.bss .bss.*)
 .bss.bootloader
                0x0000000020000000       0x1c build/bootloader/main.o
                0x0000000020000000                bootloader
 .bss.sys_tic   0x000000002000001c        0x4 build/bootloader/timer.o
 .bss.timers    0x0000000020000020       0x8c build/bootloader/timer.o
 .bss.g_this_node_id
                0x00000000200000ac        0x1 build/bootloader/uavcan.o
                0x00000000200000ac                g_this_node_id
 *fill*         0x00000000200000ad        0x3 
 .bss.current_regs
                0x00000000200000b0        0x4 build/bootloader/arch/stm32_irq.o
                0x00000000200000b0                current_regs
 .bss.g_irqvector
                0x00000000200000b4      0x154 build/bootloader/arch/irq_initialize.o
                0x00000000200000b4                g_irqvector
 *(.gnu.linkonce.b.*)
 *(COMMON)
                0x0000000020000208                _ebss = ABSOLUTE (.)

.stab
 *(.stab)

.stabstr
 *(.stabstr)

.stab.excl
 *(.stab.excl)

.stab.exclstr
 *(.stab.exclstr)

.stab.index
 *(.stab.index)

.stab.indexstr
 *(.stab.indexstr)

.comment        0x0000000000000000       0x70
 *(.comment)
 .comment       0x0000000000000000       0x70 build/bootloader/main.o
                                         0x71 (size before relaxing)
 .comment       0x0000000000000000       0x71 build/bootloader/timer.o
 .comment       0x0000000000000000       0x71 build/bootloader/uavcan.o
 .comment       0x0000000000000000       0x71 build/bootloader/arch/stm32_start.o
 .comment       0x0000000000000000       0x71 build/bootloader/arch/stm32_rcc.o
 .comment       0x0000000000000000       0x71 build/bootloader/arch/stm32_irq.o
 .comment       0x0000000000000000       0x71 build/bootloader/arch/stm32_gpio.o
 .comment       0x0000000000000000       0x71 build/bootloader/arch/stm32_timerisr.o
 .comment       0x0000000000000000       0x71 build/bootloader/arch/irq_attach.o
 .comment       0x0000000000000000       0x71 build/bootloader/arch/irq_dispatch.o
 .comment       0x0000000000000000       0x71 build/bootloader/arch/irq_initialize.o
 .comment       0x0000000000000000       0x71 build/bootloader/arch/irq_unexpectedisr.o
 .comment       0x0000000000000000       0x71 build/bootloader/arch/up_doirq.o
 .comment       0x0000000000000000       0x71 build/bootloader/arch/libc.o

.ARM.attributes
                0x0000000000000000       0x37
 .ARM.attributes
                0x0000000000000000       0x39 build/bootloader/main.o
 .ARM.attributes
                0x0000000000000039       0x39 build/bootloader/timer.o
 .ARM.attributes
                0x0000000000000072       0x39 build/bootloader/uavcan.o
 .ARM.attributes
                0x00000000000000ab       0x25 build/bootloader/arch/stm32_vectors.o
 .ARM.attributes
                0x00000000000000d0       0x39 build/bootloader/arch/stm32_start.o
 .ARM.attributes
                0x0000000000000109       0x39 build/bootloader/arch/stm32_rcc.o
 .ARM.attributes
                0x0000000000000142       0x39 build/bootloader/arch/stm32_irq.o
 .ARM.attributes
                0x000000000000017b       0x39 build/bootloader/arch/stm32_gpio.o
 .ARM.attributes
                0x00000000000001b4       0x39 build/bootloader/arch/stm32_timerisr.o
 .ARM.attributes
                0x00000000000001ed       0x39 build/bootloader/arch/irq_attach.o
 .ARM.attributes
                0x0000000000000226       0x39 build/bootloader/arch/irq_dispatch.o
 .ARM.attributes
                0x000000000000025f       0x39 build/bootloader/arch/irq_initialize.o
 .ARM.attributes
                0x0000000000000298       0x39 build/bootloader/arch/irq_unexpectedisr.o
 .ARM.attributes
                0x00000000000002d1       0x39 build/bootloader/arch/up_doirq.o
 .ARM.attributes
                0x000000000000030a       0x39 build/bootloader/arch/libc.o

.debug_abbrev   0x0000000000000000     0x162f
 *(.debug_abbrev)
 .debug_abbrev  0x0000000000000000      0x2e8 build/bootloader/main.o
 .debug_abbrev  0x00000000000002e8      0x2db build/bootloader/timer.o
 .debug_abbrev  0x00000000000005c3      0x3f9 build/bootloader/uavcan.o
 .debug_abbrev  0x00000000000009bc       0x14 build/bootloader/arch/stm32_vectors.o
 .debug_abbrev  0x00000000000009d0       0xf3 build/bootloader/arch/stm32_start.o
 .debug_abbrev  0x0000000000000ac3      0x119 build/bootloader/arch/stm32_rcc.o
 .debug_abbrev  0x0000000000000bdc      0x1f7 build/bootloader/arch/stm32_irq.o
 .debug_abbrev  0x0000000000000dd3      0x1c0 build/bootloader/arch/stm32_gpio.o
 .debug_abbrev  0x0000000000000f93      0x128 build/bootloader/arch/stm32_timerisr.o
 .debug_abbrev  0x00000000000010bb      0x14b build/bootloader/arch/irq_attach.o
 .debug_abbrev  0x0000000000001206       0xc6 build/bootloader/arch/irq_dispatch.o
 .debug_abbrev  0x00000000000012cc       0xa8 build/bootloader/arch/irq_initialize.o
 .debug_abbrev  0x0000000000001374       0xb8 build/bootloader/arch/irq_unexpectedisr.o
 .debug_abbrev  0x000000000000142c       0xfa build/bootloader/arch/up_doirq.o
 .debug_abbrev  0x0000000000001526      0x109 build/bootloader/arch/libc.o

.debug_info     0x0000000000000000     0x43e1
 *(.debug_info)
 .debug_info    0x0000000000000000      0xbbf build/bootloader/main.o
 .debug_info    0x0000000000000bbf      0x833 build/bootloader/timer.o
 .debug_info    0x00000000000013f2     0x1af6 build/bootloader/uavcan.o
 .debug_info    0x0000000000002ee8       0x70 build/bootloader/arch/stm32_vectors.o
 .debug_info    0x0000000000002f58      0x160 build/bootloader/arch/stm32_start.o
 .debug_info    0x00000000000030b8      0x1e9 build/bootloader/arch/stm32_rcc.o
 .debug_info    0x00000000000032a1      0x3ee build/bootloader/arch/stm32_irq.o
 .debug_info    0x000000000000368f      0x39b build/bootloader/arch/stm32_gpio.o
 .debug_info    0x0000000000003a2a      0x175 build/bootloader/arch/stm32_timerisr.o
 .debug_info    0x0000000000003b9f      0x1bc build/bootloader/arch/irq_attach.o
 .debug_info    0x0000000000003d5b      0x103 build/bootloader/arch/irq_dispatch.o
 .debug_info    0x0000000000003e5e       0xe9 build/bootloader/arch/irq_initialize.o
 .debug_info    0x0000000000003f47       0xf6 build/bootloader/arch/irq_unexpectedisr.o
 .debug_info    0x000000000000403d      0x13c build/bootloader/arch/up_doirq.o
 .debug_info    0x0000000000004179      0x268 build/bootloader/arch/libc.o

.debug_line     0x0000000000000000     0x4fe4
 *(.debug_line)
 .debug_line    0x0000000000000000      0x607 build/bootloader/main.o
 .debug_line    0x0000000000000607      0x727 build/bootloader/timer.o
 .debug_line    0x0000000000000d2e      0x797 build/bootloader/uavcan.o
 .debug_line    0x00000000000014c5       0x7b build/bootloader/arch/stm32_vectors.o
 .debug_line    0x0000000000001540      0x52a build/bootloader/arch/stm32_start.o
 .debug_line    0x0000000000001a6a      0x571 build/bootloader/arch/stm32_rcc.o
 .debug_line    0x0000000000001fdb      0x5b9 build/bootloader/arch/stm32_irq.o
 .debug_line    0x0000000000002594      0x5f2 build/bootloader/arch/stm32_gpio.o
 .debug_line    0x0000000000002b86      0x545 build/bootloader/arch/stm32_timerisr.o
 .debug_line    0x00000000000030cb      0x53a build/bootloader/arch/irq_attach.o
 .debug_line    0x0000000000003605      0x536 build/bootloader/arch/irq_dispatch.o
 .debug_line    0x0000000000003b3b      0x523 build/bootloader/arch/irq_initialize.o
 .debug_line    0x000000000000405e      0x520 build/bootloader/arch/irq_unexpectedisr.o
 .debug_line    0x000000000000457e      0x4d8 build/bootloader/arch/up_doirq.o
 .debug_line    0x0000000000004a56      0x58e build/bootloader/arch/libc.o

.debug_pubnames
 *(.debug_pubnames)

.debug_aranges  0x0000000000000000      0x2d0
 *(.debug_aranges)
 .debug_aranges
                0x0000000000000000       0x28 build/bootloader/main.o
 .debug_aranges
                0x0000000000000028       0x70 build/bootloader/timer.o
 .debug_aranges
                0x0000000000000098       0x40 build/bootloader/uavcan.o
 .debug_aranges
                0x00000000000000d8       0x20 build/bootloader/arch/stm32_vectors.o
 .debug_aranges
                0x00000000000000f8       0x20 build/bootloader/arch/stm32_start.o
 .debug_aranges
                0x0000000000000118       0x20 build/bootloader/arch/stm32_rcc.o
 .debug_aranges
                0x0000000000000138       0x40 build/bootloader/arch/stm32_irq.o
 .debug_aranges
                0x0000000000000178       0x48 build/bootloader/arch/stm32_gpio.o
 .debug_aranges
                0x00000000000001c0       0x28 build/bootloader/arch/stm32_timerisr.o
 .debug_aranges
                0x00000000000001e8       0x20 build/bootloader/arch/irq_attach.o
 .debug_aranges
                0x0000000000000208       0x20 build/bootloader/arch/irq_dispatch.o
 .debug_aranges
                0x0000000000000228       0x20 build/bootloader/arch/irq_initialize.o
 .debug_aranges
                0x0000000000000248       0x20 build/bootloader/arch/irq_unexpectedisr.o
 .debug_aranges
                0x0000000000000268       0x20 build/bootloader/arch/up_doirq.o
 .debug_aranges
                0x0000000000000288       0x48 build/bootloader/arch/libc.o
OUTPUT(build/bootloader.elf elf32-littlearm)

.debug_loc      0x0000000000000000     0x1a6d
 .debug_loc     0x0000000000000000       0x42 build/bootloader/main.o
 .debug_loc     0x0000000000000042      0x35b build/bootloader/timer.o
 .debug_loc     0x000000000000039d      0x987 build/bootloader/uavcan.o
 .debug_loc     0x0000000000000d24       0x8c build/bootloader/arch/stm32_start.o
 .debug_loc     0x0000000000000db0      0x11c build/bootloader/arch/stm32_rcc.o
 .debug_loc     0x0000000000000ecc      0x2b5 build/bootloader/arch/stm32_irq.o
 .debug_loc     0x0000000000001181      0x46b build/bootloader/arch/stm32_gpio.o
 .debug_loc     0x00000000000015ec       0x65 build/bootloader/arch/stm32_timerisr.o
 .debug_loc     0x0000000000001651       0xb4 build/bootloader/arch/irq_attach.o
 .debug_loc     0x0000000000001705       0x55 build/bootloader/arch/irq_dispatch.o
 .debug_loc     0x000000000000175a       0x14 build/bootloader/arch/irq_initialize.o
 .debug_loc     0x000000000000176e       0x68 build/bootloader/arch/up_doirq.o
 .debug_loc     0x00000000000017d6      0x297 build/bootloader/arch/libc.o

.debug_ranges   0x0000000000000000      0x3e0
 .debug_ranges  0x0000000000000000       0x30 build/bootloader/main.o
 .debug_ranges  0x0000000000000030       0xa8 build/bootloader/timer.o
 .debug_ranges  0x00000000000000d8      0x1c8 build/bootloader/uavcan.o
 .debug_ranges  0x00000000000002a0       0x10 build/bootloader/arch/stm32_start.o
 .debug_ranges  0x00000000000002b0       0x28 build/bootloader/arch/stm32_rcc.o
 .debug_ranges  0x00000000000002d8       0x30 build/bootloader/arch/stm32_irq.o
 .debug_ranges  0x0000000000000308       0x38 build/bootloader/arch/stm32_gpio.o
 .debug_ranges  0x0000000000000340       0x18 build/bootloader/arch/stm32_timerisr.o
 .debug_ranges  0x0000000000000358       0x10 build/bootloader/arch/irq_attach.o
 .debug_ranges  0x0000000000000368       0x10 build/bootloader/arch/irq_dispatch.o
 .debug_ranges  0x0000000000000378       0x10 build/bootloader/arch/irq_initialize.o
 .debug_ranges  0x0000000000000388       0x10 build/bootloader/arch/irq_unexpectedisr.o
 .debug_ranges  0x0000000000000398       0x10 build/bootloader/arch/up_doirq.o
 .debug_ranges  0x00000000000003a8       0x38 build/bootloader/arch/libc.o

.debug_macro    0x0000000000000000     0xbbec
 .debug_macro   0x0000000000000000      0x3f6 build/bootloader/main.o
 .debug_macro   0x00000000000003f6      0x874 build/bootloader/main.o
 .debug_macro   0x0000000000000c6a       0x3a build/bootloader/main.o
 .debug_macro   0x0000000000000ca4       0x58 build/bootloader/main.o
 .debug_macro   0x0000000000000cfc       0x16 build/bootloader/main.o
 .debug_macro   0x0000000000000d12       0x35 build/bootloader/main.o
 .debug_macro   0x0000000000000d47       0xa3 build/bootloader/main.o
 .debug_macro   0x0000000000000dea       0x4a build/bootloader/main.o
 .debug_macro   0x0000000000000e34       0x52 build/bootloader/main.o
 .debug_macro   0x0000000000000e86       0x16 build/bootloader/main.o
 .debug_macro   0x0000000000000e9c       0x19 build/bootloader/main.o
 .debug_macro   0x0000000000000eb5      0x166 build/bootloader/main.o
 .debug_macro   0x000000000000101b       0x22 build/bootloader/main.o
 .debug_macro   0x000000000000103d       0xbd build/bootloader/main.o
 .debug_macro   0x00000000000010fa      0x34e build/bootloader/main.o
 .debug_macro   0x0000000000001448       0x22 build/bootloader/main.o
 .debug_macro   0x000000000000146a       0xd7 build/bootloader/main.o
 .debug_macro   0x0000000000001541       0x28 build/bootloader/main.o
 .debug_macro   0x0000000000001569      0x130 build/bootloader/main.o
 .debug_macro   0x0000000000001699      0x6a6 build/bootloader/main.o
 .debug_macro   0x0000000000001d3f      0x16e build/bootloader/main.o
 .debug_macro   0x0000000000001ead      0x3cd build/bootloader/main.o
 .debug_macro   0x000000000000227a      0x1e2 build/bootloader/main.o
 .debug_macro   0x000000000000245c      0x5f5 build/bootloader/main.o
 .debug_macro   0x0000000000002a51      0x7c9 build/bootloader/main.o
 .debug_macro   0x000000000000321a       0xbe build/bootloader/main.o
 .debug_macro   0x00000000000032d8       0xfb build/bootloader/main.o
 .debug_macro   0x00000000000033d3      0x139 build/bootloader/main.o
 .debug_macro   0x000000000000350c      0x227 build/bootloader/main.o
 .debug_macro   0x0000000000003733      0x618 build/bootloader/main.o
 .debug_macro   0x0000000000003d4b       0x9e build/bootloader/main.o
 .debug_macro   0x0000000000003de9       0x35 build/bootloader/main.o
 .debug_macro   0x0000000000003e1e      0x82a build/bootloader/main.o
 .debug_macro   0x0000000000004648       0x17 build/bootloader/main.o
 .debug_macro   0x000000000000465f       0xd0 build/bootloader/main.o
 .debug_macro   0x000000000000472f      0x596 build/bootloader/main.o
 .debug_macro   0x0000000000004cc5      0x1a4 build/bootloader/main.o
 .debug_macro   0x0000000000004e69     0x12f6 build/bootloader/main.o
 .debug_macro   0x000000000000615f      0x336 build/bootloader/main.o
 .debug_macro   0x0000000000006495      0x13d build/bootloader/main.o
 .debug_macro   0x00000000000065d2      0xc39 build/bootloader/main.o
 .debug_macro   0x000000000000720b       0x16 build/bootloader/main.o
 .debug_macro   0x0000000000007221      0x180 build/bootloader/main.o
 .debug_macro   0x00000000000073a1      0x2a6 build/bootloader/main.o
 .debug_macro   0x0000000000007647       0x10 build/bootloader/main.o
 .debug_macro   0x0000000000007657       0x35 build/bootloader/main.o
 .debug_macro   0x000000000000768c       0x1f build/bootloader/main.o
 .debug_macro   0x00000000000076ab      0x1d4 build/bootloader/main.o
 .debug_macro   0x000000000000787f      0xe49 build/bootloader/main.o
 .debug_macro   0x00000000000086c8       0x10 build/bootloader/main.o
 .debug_macro   0x00000000000086d8       0x16 build/bootloader/main.o
 .debug_macro   0x00000000000086ee       0x16 build/bootloader/main.o
 .debug_macro   0x0000000000008704       0x29 build/bootloader/main.o
 .debug_macro   0x000000000000872d       0x1c build/bootloader/main.o
 .debug_macro   0x0000000000008749       0x16 build/bootloader/main.o
 .debug_macro   0x000000000000875f      0x48e build/bootloader/main.o
 .debug_macro   0x0000000000008bed       0x1c build/bootloader/main.o
 .debug_macro   0x0000000000008c09       0x1c build/bootloader/main.o
 .debug_macro   0x0000000000008c25       0x2e build/bootloader/main.o
 .debug_macro   0x0000000000008c53       0x28 build/bootloader/main.o
 .debug_macro   0x0000000000008c7b       0x78 build/bootloader/main.o
 .debug_macro   0x0000000000008cf3       0x12 build/bootloader/main.o
 .debug_macro   0x0000000000008d05       0x12 build/bootloader/main.o
 .debug_macro   0x0000000000008d17       0x3c build/bootloader/main.o
 .debug_macro   0x0000000000008d53       0x27 build/bootloader/main.o
 .debug_macro   0x0000000000008d7a       0x12 build/bootloader/main.o
 .debug_macro   0x0000000000008d8c       0x12 build/bootloader/main.o
 .debug_macro   0x0000000000008d9e       0x12 build/bootloader/main.o
 .debug_macro   0x0000000000008db0       0x12 build/bootloader/main.o
 .debug_macro   0x0000000000008dc2       0x12 build/bootloader/main.o
 .debug_macro   0x0000000000008dd4       0x12 build/bootloader/main.o
 .debug_macro   0x0000000000008de6       0x4a build/bootloader/main.o
 .debug_macro   0x0000000000008e30       0x12 build/bootloader/main.o
 .debug_macro   0x0000000000008e42       0x12 build/bootloader/main.o
 .debug_macro   0x0000000000008e54       0x12 build/bootloader/main.o
 .debug_macro   0x0000000000008e66       0x12 build/bootloader/main.o
 .debug_macro   0x0000000000008e78       0x34 build/bootloader/main.o
 .debug_macro   0x0000000000008eac      0x2c9 build/bootloader/timer.o
 .debug_macro   0x0000000000009175       0xb5 build/bootloader/timer.o
 .debug_macro   0x000000000000922a       0x10 build/bootloader/timer.o
 .debug_macro   0x000000000000923a       0x46 build/bootloader/timer.o
 .debug_macro   0x0000000000009280      0x202 build/bootloader/timer.o
 .debug_macro   0x0000000000009482       0x7b build/bootloader/timer.o
 .debug_macro   0x00000000000094fd       0x10 build/bootloader/timer.o
 .debug_macro   0x000000000000950d       0x16 build/bootloader/timer.o
 .debug_macro   0x0000000000009523       0x12 build/bootloader/timer.o
 .debug_macro   0x0000000000009535      0x41a build/bootloader/uavcan.o
 .debug_macro   0x000000000000994f      0x2c4 build/bootloader/arch/stm32_start.o
 .debug_macro   0x0000000000009c13      0x2a9 build/bootloader/arch/stm32_rcc.o
 .debug_macro   0x0000000000009ebc       0x1c build/bootloader/arch/stm32_rcc.o
 .debug_macro   0x0000000000009ed8       0x10 build/bootloader/arch/stm32_rcc.o
 .debug_macro   0x0000000000009ee8       0x16 build/bootloader/arch/stm32_rcc.o
 .debug_macro   0x0000000000009efe      0x16c build/bootloader/arch/stm32_rcc.o
 .debug_macro   0x000000000000a06a      0x2cf build/bootloader/arch/stm32_irq.o
 .debug_macro   0x000000000000a339      0x2bc build/bootloader/arch/stm32_gpio.o
 .debug_macro   0x000000000000a5f5      0x2cf build/bootloader/arch/stm32_timerisr.o
 .debug_macro   0x000000000000a8c4      0x2aa build/bootloader/arch/irq_attach.o
 .debug_macro   0x000000000000ab6e      0x2aa build/bootloader/arch/irq_dispatch.o
 .debug_macro   0x000000000000ae18      0x2aa build/bootloader/arch/irq_initialize.o
 .debug_macro   0x000000000000b0c2      0x2aa build/bootloader/arch/irq_unexpectedisr.o
 .debug_macro   0x000000000000b36c      0x266 build/bootloader/arch/up_doirq.o
 .debug_macro   0x000000000000b5d2      0x2b6 build/bootloader/arch/libc.o
 .debug_macro   0x000000000000b888      0x1e1 build/bootloader/arch/libc.o
 .debug_macro   0x000000000000ba69      0x183 build/bootloader/arch/libc.o

.debug_str      0x0000000000000000    0x36926
 .debug_str     0x0000000000000000    0x32521 build/bootloader/main.o
                                      0x32c08 (size before relaxing)
 .debug_str     0x0000000000032521      0xc4e build/bootloader/timer.o
                                      0x2fd47 (size before relaxing)
 .debug_str     0x000000000003316f     0x1888 build/bootloader/uavcan.o
                                      0x33201 (size before relaxing)
 .debug_str     0x00000000000349f7       0x7c build/bootloader/arch/stm32_start.o
                                      0x29a6b (size before relaxing)
 .debug_str     0x0000000000034a73      0x7f1 build/bootloader/arch/stm32_rcc.o
                                      0x296d9 (size before relaxing)
 .debug_str     0x0000000000035264      0x1b7 build/bootloader/arch/stm32_irq.o
                                      0x2fb88 (size before relaxing)
 .debug_str     0x000000000003541b      0x4f6 build/bootloader/arch/stm32_gpio.o
                                      0x29f3a (size before relaxing)
 .debug_str     0x0000000000035911       0xcd build/bootloader/arch/stm32_timerisr.o
                                      0x2fac5 (size before relaxing)
 .debug_str     0x00000000000359de       0x22 build/bootloader/arch/irq_attach.o
                                      0x29a42 (size before relaxing)
 .debug_str     0x0000000000035a00       0x25 build/bootloader/arch/irq_dispatch.o
                                      0x29a14 (size before relaxing)
 .debug_str     0x0000000000035a25       0x29 build/bootloader/arch/irq_initialize.o
                                      0x29a09 (size before relaxing)
 .debug_str     0x0000000000035a4e       0x30 build/bootloader/arch/irq_unexpectedisr.o
                                      0x29a20 (size before relaxing)
 .debug_str     0x0000000000035a7e       0x27 build/bootloader/arch/up_doirq.o
                                      0x28f06 (size before relaxing)
 .debug_str     0x0000000000035aa5      0xe81 build/bootloader/arch/libc.o
                                      0x29eb6 (size before relaxing)

.debug_frame    0x0000000000000000      0x500
 .debug_frame   0x0000000000000000       0x3c build/bootloader/main.o
 .debug_frame   0x000000000000003c      0x110 build/bootloader/timer.o
 .debug_frame   0x000000000000014c       0xb8 build/bootloader/uavcan.o
 .debug_frame   0x0000000000000204       0x28 build/bootloader/arch/stm32_start.o
 .debug_frame   0x000000000000022c       0x30 build/bootloader/arch/stm32_rcc.o
 .debug_frame   0x000000000000025c       0x8c build/bootloader/arch/stm32_irq.o
 .debug_frame   0x00000000000002e8       0x84 build/bootloader/arch/stm32_gpio.o
 .debug_frame   0x000000000000036c       0x40 build/bootloader/arch/stm32_timerisr.o
 .debug_frame   0x00000000000003ac       0x2c build/bootloader/arch/irq_attach.o
 .debug_frame   0x00000000000003d8       0x28 build/bootloader/arch/irq_dispatch.o
 .debug_frame   0x0000000000000400       0x20 build/bootloader/arch/irq_initialize.o
 .debug_frame   0x0000000000000420       0x20 build/bootloader/arch/irq_unexpectedisr.o
 .debug_frame   0x0000000000000440       0x30 build/bootloader/arch/up_doirq.o
 .debug_frame   0x0000000000000470       0x90 build/bootloader/arch/libc.o
